#-----------------------------------------------------------
# Vivado v2020.2 (64-bit)
# SW Build 3064766 on Wed Nov 18 09:12:45 MST 2020
# IP Build 3064653 on Wed Nov 18 14:17:31 MST 2020
# Start of session at: Mon Jun  5 09:27:07 2023
# Process ID: 6424
# Current directory: C:/Users/utilisateur/Desktop/LTspice/Porte logique/CoursFPGA/TP4_v2205_partie2_ok
# Command line: vivado.exe -gui_launcher_event rodinguilauncherevent14972 C:\Users\utilisateur\Desktop\LTspice\Porte logique\CoursFPGA\TP4_v2205_partie2_ok\LEDdriver.xpr
# Log file: C:/Users/utilisateur/Desktop/LTspice/Porte logique/CoursFPGA/TP4_v2205_partie2_ok/vivado.log
# Journal file: C:/Users/utilisateur/Desktop/LTspice/Porte logique/CoursFPGA/TP4_v2205_partie2_ok\vivado.jou
#-----------------------------------------------------------
start_gui
open_project {C:/Users/utilisateur/Desktop/LTspice/Porte logique/CoursFPGA/TP4_v2205_partie2_ok/LEDdriver.xpr}
update_compile_order -fileset sources_1
launch_simulation
open_wave_config {C:/Users/utilisateur/Desktop/LTspice/Porte logique/CoursFPGA/TP4_v2205_partie2_ok/tb_tp_led_driver_behav.wcfg}
source TOP.tcl
update_compile_order -fileset sim_1
launch_simulation
launch_simulation
close_sim
